; opt_showcase.vas -- demonstrates -O2 optimizations
; Compare: vas -O1 examples/opt_showcase.vas vs vas -O2 examples/opt_showcase.vas
; -O2 should produce shorter output (CSE + LICM + PUSH/POP elimination)

	mov	rdx, 10
	mov	rbx, 0
	mov	rcx, 0

loop:
    ; LICM test: LEA v0, [data] is loop-invariant
    ; -O2 hoists it before the loop
	lea	rax, [data]

    ; CSE test: j*8 appears multiple times
    ; -O2 computes it once and reuses
	mov	rdi, rcx
	imul	rdi, 8
	add	rdi, rax
	mov	r8, [rdi]

	mov	rdi, rcx
	imul	rdi, 8
	add	rdi, rax
	mov	[rdi], r8

    ; PUSH/POP elimination test
    ; (PUSH v1 / POP v1 around ADD is a no-op; -O2 removes both)
	push	rbx
	add	rbx, r8
	pop	rbx

	add	rcx, 1
	cmp	rcx, rdx
	jl	loop

	mov	rdi, rbx
	mov	rax, 60
	syscall

	section .data
data:
	dq 1, 2, 3, 4, 5, 6, 7, 8, 9, 10
